src/pages/LeetCodeProblemDetails.tsx(4,27): error TS2307: Cannot find module 'react-markdown' or its corresponding type declarations.
src/pages/LeetCodeProblemDetails.tsx(5,23): error TS2307: Cannot find module 'remark-gfm' or its corresponding type declarations.
src/pages/LeetCodeProblemDetails.tsx(6,24): error TS2307: Cannot find module 'remark-math' or its corresponding type declarations.
src/pages/LeetCodeProblemDetails.tsx(7,23): error TS2307: Cannot find module 'rehype-raw' or its corresponding type declarations.
src/pages/LeetCodeProblemDetails.tsx(8,25): error TS2307: Cannot find module 'rehype-katex' or its corresponding type declarations.
src/pages/LeetCodeProblemDetails.tsx(176,30): error TS7031: Binding element 'children' implicitly has an 'any' type.
src/pages/LeetCodeProblemDetails.tsx(177,30): error TS7031: Binding element 'children' implicitly has an 'any' type.
src/pages/LeetCodeProblemDetails.tsx(178,30): error TS7031: Binding element 'children' implicitly has an 'any' type.
src/pages/LeetCodeProblemDetails.tsx(179,29): error TS7031: Binding element 'children' implicitly has an 'any' type.
src/pages/LeetCodeProblemDetails.tsx(180,30): error TS7031: Binding element 'children' implicitly has an 'any' type.
src/pages/LeetCodeProblemDetails.tsx(181,30): error TS7031: Binding element 'children' implicitly has an 'any' type.
src/pages/LeetCodeProblemDetails.tsx(182,30): error TS7031: Binding element 'children' implicitly has an 'any' type.
src/pages/LeetCodeProblemDetails.tsx(183,32): error TS7031: Binding element 'className' implicitly has an 'any' type.
src/pages/LeetCodeProblemDetails.tsx(183,43): error TS7031: Binding element 'children' implicitly has an 'any' type.
src/pages/LeetCodeProblemDetails.tsx(194,31): error TS7031: Binding element 'children' implicitly has an 'any' type.
src/pages/LeetCodeProblemDetails.tsx(195,29): error TS7031: Binding element 'href' implicitly has an 'any' type.
src/pages/LeetCodeProblemDetails.tsx(195,35): error TS7031: Binding element 'children' implicitly has an 'any' type.
src/pages/LeetCodeProblemDetails.tsx(200,31): error TS7031: Binding element 'src' implicitly has an 'any' type.
src/pages/LeetCodeProblemDetails.tsx(200,36): error TS7031: Binding element 'alt' implicitly has an 'any' type.
src/pages/LeetCodeProblemDetails.tsx(203,33): error TS7031: Binding element 'children' implicitly has an 'any' type.
src/pages/LeetCodeProblemDetails.tsx(204,33): error TS7031: Binding element 'children' implicitly has an 'any' type.
src/pages/LeetCodeProblemDetails.tsx(205,33): error TS7031: Binding element 'children' implicitly has an 'any' type.
src/pages/LeetCodeProblemDetails.tsx(206,30): error TS7031: Binding element 'children' implicitly has an 'any' type.
src/pages/LeetCodeProblemDetails.tsx(207,30): error TS7031: Binding element 'children' implicitly has an 'any' type.
src/pages/LeetCodeProblemDetails.tsx(208,30): error TS7031: Binding element 'children' implicitly has an 'any' type.
src/pages/LeetCodeProblemDetails.tsx(209,34): error TS7031: Binding element 'children' implicitly has an 'any' type.
src/pages/LeetCodeProblemDetails.tsx(210,30): error TS7031: Binding element 'children' implicitly has an 'any' type.
src/pages/LeetCodeProblemDetails.tsx(211,32): error TS7031: Binding element 'className' implicitly has an 'any' type.
src/pages/LeetCodeProblemDetails.tsx(211,43): error TS7031: Binding element 'children' implicitly has an 'any' type.
