src/lib/api.ts(144,23): error TS6133: 'uploadData' is declared but its value is never read.
