src/hooks/useTreeVisualizer.ts(2,1): error TS6133: 'generateNarrationBatch' is declared but its value is never read.
src/hooks/useTreeVisualizer.ts(63,35): error TS6133: 'setIsGeneratingNarration' is declared but its value is never read.
src/hooks/useTreeVisualizer.ts(392,29): error TS2304: Cannot find name 'calculateLayout'.
src/hooks/useTreeVisualizer.ts(394,18): error TS2304: Cannot find name 'getEdgesFromNodes'.
src/hooks/useTreeVisualizer.ts(461,9): error TS2304: Cannot find name 'applyNarrationAndPlay'.
src/hooks/useTreeVisualizer.ts(485,9): error TS2304: Cannot find name 'applyNarrationAndPlay'.
src/hooks/useTreeVisualizer.ts(513,9): error TS2304: Cannot find name 'applyNarrationAndPlay'.
src/hooks/useTreeVisualizer.ts(552,13): error TS2304: Cannot find name 'applyNarrationAndPlay'.
src/hooks/useTreeVisualizer.ts(588,9): error TS2304: Cannot find name 'applyNarrationAndPlay'.
src/hooks/useTreeVisualizer.ts(630,13): error TS2304: Cannot find name 'applyNarrationAndPlay'.
src/hooks/useTreeVisualizer.ts(676,9): error TS2304: Cannot find name 'applyNarrationAndPlay'.
src/hooks/useTreeVisualizer.ts(726,9): error TS2304: Cannot find name 'applyNarrationAndPlay'.
src/hooks/useTreeVisualizer.ts(771,9): error TS2304: Cannot find name 'applyNarrationAndPlay'.
src/hooks/useTreeVisualizer.ts(804,9): error TS2304: Cannot find name 'applyNarrationAndPlay'.
src/hooks/useTreeVisualizer.ts(840,9): error TS2304: Cannot find name 'applyNarrationAndPlay'.
src/hooks/useTreeVisualizer.ts(883,9): error TS2304: Cannot find name 'applyNarrationAndPlay'.
src/hooks/useTreeVisualizer.ts(943,9): error TS2304: Cannot find name 'applyNarrationAndPlay'.
src/hooks/useTreeVisualizer.ts(989,9): error TS2304: Cannot find name 'applyNarrationAndPlay'.
src/hooks/useTreeVisualizer.ts(1004,13): error TS2304: Cannot find name 'applyNarrationAndPlay'.
src/hooks/useTreeVisualizer.ts(1049,21): error TS2304: Cannot find name 'applyNarrationAndPlay'.
src/hooks/useTreeVisualizer.ts(1068,9): error TS2304: Cannot find name 'applyNarrationAndPlay'.
src/hooks/useTreeVisualizer.ts(1134,33): error TS2304: Cannot find name 'calculateLayout'.
src/hooks/useTreeVisualizer.ts(1138,24): error TS2304: Cannot find name 'getEdgesFromNodes'.
src/hooks/useTreeVisualizer.ts(1148,18): error TS2304: Cannot find name 'getEdgesFromNodes'.
src/hooks/useTreeVisualizer.ts(1153,9): error TS2304: Cannot find name 'applyNarrationAndPlay'.
src/hooks/useTreeVisualizer.ts(1186,24): error TS2304: Cannot find name 'calculateLayout'.
src/hooks/useTreeVisualizer.ts(1187,24): error TS2304: Cannot find name 'getEdgesFromNodes'.
src/hooks/useTreeVisualizer.ts(1201,29): error TS2304: Cannot find name 'calculateLayout'.
src/hooks/useTreeVisualizer.ts(1204,18): error TS2304: Cannot find name 'getEdgesFromNodes'.
src/hooks/useTreeVisualizer.ts(1207,9): error TS2304: Cannot find name 'applyNarrationAndPlay'.
src/hooks/useTreeVisualizer.ts(1239,24): error TS2304: Cannot find name 'calculateLayout'.
src/hooks/useTreeVisualizer.ts(1240,24): error TS2304: Cannot find name 'getEdgesFromNodes'.
src/hooks/useTreeVisualizer.ts(1255,29): error TS2304: Cannot find name 'calculateLayout'.
src/hooks/useTreeVisualizer.ts(1258,18): error TS2304: Cannot find name 'getEdgesFromNodes'.
src/hooks/useTreeVisualizer.ts(1261,9): error TS2304: Cannot find name 'applyNarrationAndPlay'.
src/hooks/useTreeVisualizer.ts(1293,24): error TS2304: Cannot find name 'calculateLayout'.
src/hooks/useTreeVisualizer.ts(1294,24): error TS2304: Cannot find name 'getEdgesFromNodes'.
src/hooks/useTreeVisualizer.ts(1309,29): error TS2304: Cannot find name 'calculateLayout'.
src/hooks/useTreeVisualizer.ts(1313,20): error TS2304: Cannot find name 'getEdgesFromNodes'.
src/hooks/useTreeVisualizer.ts(1322,18): error TS2304: Cannot find name 'getEdgesFromNodes'.
src/hooks/useTreeVisualizer.ts(1325,9): error TS2304: Cannot find name 'applyNarrationAndPlay'.
src/hooks/useTreeVisualizer.ts(1357,20): error TS2304: Cannot find name 'calculateLayout'.
src/hooks/useTreeVisualizer.ts(1358,20): error TS2304: Cannot find name 'getEdgesFromNodes'.
src/hooks/useTreeVisualizer.ts(1381,32): error TS2304: Cannot find name 'calculateLayout'.
src/hooks/useTreeVisualizer.ts(1382,32): error TS2304: Cannot find name 'getEdgesFromNodes'.
src/hooks/useTreeVisualizer.ts(1391,32): error TS2304: Cannot find name 'calculateLayout'.
src/hooks/useTreeVisualizer.ts(1392,32): error TS2304: Cannot find name 'getEdgesFromNodes'.
src/hooks/useTreeVisualizer.ts(1414,32): error TS2304: Cannot find name 'calculateLayout'.
src/hooks/useTreeVisualizer.ts(1415,32): error TS2304: Cannot find name 'getEdgesFromNodes'.
src/hooks/useTreeVisualizer.ts(1424,32): error TS2304: Cannot find name 'calculateLayout'.
src/hooks/useTreeVisualizer.ts(1425,32): error TS2304: Cannot find name 'getEdgesFromNodes'.
src/hooks/useTreeVisualizer.ts(1435,29): error TS2304: Cannot find name 'calculateLayout'.
src/hooks/useTreeVisualizer.ts(1437,18): error TS2304: Cannot find name 'getEdgesFromNodes'.
src/hooks/useTreeVisualizer.ts(1440,9): error TS2304: Cannot find name 'applyNarrationAndPlay'.
src/hooks/useTreeVisualizer.ts(1480,9): error TS2304: Cannot find name 'applyNarrationAndPlay'.
src/hooks/useTreeVisualizer.ts(1490,25): error TS2304: Cannot find name 'getEdgesFromNodes'.
src/hooks/useTreeVisualizer.ts(1499,13): error TS2304: Cannot find name 'applyNarrationAndPlay'.
src/hooks/useTreeVisualizer.ts(1504,36): error TS2304: Cannot find name 'calculateLayout'.
src/hooks/useTreeVisualizer.ts(1504,87): error TS2304: Cannot find name 'getEdgesFromNodes'.
src/hooks/useTreeVisualizer.ts(1529,36): error TS2304: Cannot find name 'calculateLayout'.
src/hooks/useTreeVisualizer.ts(1529,90): error TS2304: Cannot find name 'getEdgesFromNodes'.
src/hooks/useTreeVisualizer.ts(1532,18): error TS2304: Cannot find name 'getEdgesFromNodes'.
src/hooks/useTreeVisualizer.ts(1533,9): error TS2304: Cannot find name 'applyNarrationAndPlay'.
src/hooks/useTreeVisualizer.ts(1543,25): error TS2304: Cannot find name 'getEdgesFromNodes'.
src/hooks/useTreeVisualizer.ts(1552,13): error TS2304: Cannot find name 'applyNarrationAndPlay'.
src/hooks/useTreeVisualizer.ts(1557,36): error TS2304: Cannot find name 'calculateLayout'.
src/hooks/useTreeVisualizer.ts(1557,87): error TS2304: Cannot find name 'getEdgesFromNodes'.
src/hooks/useTreeVisualizer.ts(1582,36): error TS2304: Cannot find name 'calculateLayout'.
src/hooks/useTreeVisualizer.ts(1582,90): error TS2304: Cannot find name 'getEdgesFromNodes'.
src/hooks/useTreeVisualizer.ts(1585,18): error TS2304: Cannot find name 'getEdgesFromNodes'.
src/hooks/useTreeVisualizer.ts(1586,9): error TS2304: Cannot find name 'applyNarrationAndPlay'.
src/hooks/useTreeVisualizer.ts(1606,24): error TS2304: Cannot find name 'calculateLayout'.
src/hooks/useTreeVisualizer.ts(1606,75): error TS2304: Cannot find name 'getEdgesFromNodes'.
src/hooks/useTreeVisualizer.ts(1608,13): error TS2304: Cannot find name 'applyNarrationAndPlay'.
src/hooks/useTreeVisualizer.ts(1641,27): error TS2304: Cannot find name 'calculateLayout'.
src/hooks/useTreeVisualizer.ts(1643,40): error TS2304: Cannot find name 'getEdgesFromNodes'.
src/hooks/useTreeVisualizer.ts(1662,44): error TS2304: Cannot find name 'getEdgesFromNodes'.
src/hooks/useTreeVisualizer.ts(1667,48): error TS2304: Cannot find name 'getEdgesFromNodes'.
src/hooks/useTreeVisualizer.ts(1670,48): error TS2304: Cannot find name 'getEdgesFromNodes'.
src/hooks/useTreeVisualizer.ts(1677,18): error TS2304: Cannot find name 'getEdgesFromNodes'.
src/hooks/useTreeVisualizer.ts(1678,9): error TS2304: Cannot find name 'applyNarrationAndPlay'.
src/hooks/useTreeVisualizer.ts(1750,9): error TS2304: Cannot find name 'applyNarrationAndPlay'.
src/hooks/useTreeVisualizer.ts(1788,9): error TS2304: Cannot find name 'applyNarrationAndPlay'.
src/hooks/useTreeVisualizer.ts(1828,9): error TS2304: Cannot find name 'applyNarrationAndPlay'.
src/hooks/useTreeVisualizer.ts(1865,9): error TS2304: Cannot find name 'applyNarrationAndPlay'.
src/hooks/useTreeVisualizer.ts(1901,9): error TS2304: Cannot find name 'applyNarrationAndPlay'.
src/hooks/useTreeVisualizer.ts(1986,9): error TS2304: Cannot find name 'applyNarrationAndPlay'.
src/hooks/useTreeVisualizer.ts(2006,24): error TS2304: Cannot find name 'calculateLayout'.
src/hooks/useTreeVisualizer.ts(2006,72): error TS2304: Cannot find name 'getEdgesFromNodes'.
src/hooks/useTreeVisualizer.ts(2027,24): error TS2304: Cannot find name 'calculateLayout'.
src/hooks/useTreeVisualizer.ts(2027,72): error TS2304: Cannot find name 'getEdgesFromNodes'.
src/hooks/useTreeVisualizer.ts(2038,29): error TS2304: Cannot find name 'calculateLayout'.
src/hooks/useTreeVisualizer.ts(2040,18): error TS2304: Cannot find name 'getEdgesFromNodes'.
src/hooks/useTreeVisualizer.ts(2042,9): error TS2304: Cannot find name 'applyNarrationAndPlay'.
src/hooks/useTreeVisualizer.ts(2049,9): error TS18004: No value exists in scope for the shorthand property 'insert'. Either declare one or provide an initializer.
src/hooks/useTreeVisualizer.ts(2050,9): error TS2552: Cannot find name 'deleteNode'. Did you mean 'selectedNode'?
src/hooks/useTreeVisualizer.ts(2051,9): error TS18004: No value exists in scope for the shorthand property 'search'. Either declare one or provide an initializer.
src/hooks/useTreeVisualizer.ts(2052,9): error TS18004: No value exists in scope for the shorthand property 'traverse'. Either declare one or provide an initializer.
