src/hooks/useTreeVisualizer.ts(62,32): error TS6133: 'setIsNarrationEnabled' is declared but its value is never read.
src/hooks/useTreeVisualizer.ts(63,12): error TS6133: 'isGeneratingNarration' is declared but its value is never read.
src/pages/Trees.tsx(24,5): error TS2339: Property 'isNarrationEnabled' does not exist on type '{ nodes: TreeNode[]; edges: TreeEdge[]; insert: (val: number) => void; deleteNode: (val: number) => void; search: (val: number) => void; traverse: (type: "bfs" | "inorder" | "preorder" | "postorder") => void; ... 51 more ...; getCurrentFrame: () => Frame; }'.
src/pages/Trees.tsx(24,25): error TS2339: Property 'setIsNarrationEnabled' does not exist on type '{ nodes: TreeNode[]; edges: TreeEdge[]; insert: (val: number) => void; deleteNode: (val: number) => void; search: (val: number) => void; traverse: (type: "bfs" | "inorder" | "preorder" | "postorder") => void; ... 51 more ...; getCurrentFrame: () => Frame; }'.
src/pages/Trees.tsx(25,5): error TS2339: Property 'isGeneratingNarration' does not exist on type '{ nodes: TreeNode[]; edges: TreeEdge[]; insert: (val: number) => void; deleteNode: (val: number) => void; search: (val: number) => void; traverse: (type: "bfs" | "inorder" | "preorder" | "postorder") => void; ... 51 more ...; getCurrentFrame: () => Frame; }'.
